[00:33:47] [ServerMain/INFO]: [bootstrap] Running Java 21 (OpenJDK 64-Bit Server VM 21.0.11+10-1-24.04.2-Ubuntu; Ubuntu null) on Linux 6.8.0-1052-azure (amd64)
[00:33:47] [ServerMain/INFO]: [bootstrap] Loading Paper 1.21.11-99-main@81b9122 (2026-01-20T19:08:30Z) for Minecraft 1.21.11
[00:33:47] [ServerMain/INFO]: [PluginInitializerManager] Initializing plugins...
[00:33:48] [ServerMain/INFO]: [PluginInitializerManager] Initialized 0 plugins
[00:33:49] [Paper Plugin Remapper Thread - 1/INFO]: [ReobfServer] Remapping server...
[00:34:04] [ServerMain/INFO]: Environment: Environment[sessionHost=https://sessionserver.mojang.com, servicesHost=https://api.minecraftservices.com, profilesHost=https://api.mojang.com, name=PROD]
[00:34:05] [ServerMain/INFO]: Found new data pack file/bukkit, loading it automatically
[00:34:05] [ServerMain/INFO]: Found new data pack paper, loading it automatically
[00:34:07] [Paper Plugin Remapper Thread - 1/INFO]: [ReobfServer] Done remapping server in 17745ms.
[00:34:07] [ServerMain/INFO]: No existing world data, creating new world
[00:34:09] [ServerMain/INFO]: Loaded 1470 recipes
[00:34:09] [ServerMain/INFO]: Loaded 1584 advancements
[00:34:09] [ServerMain/INFO]: [ca.spottedleaf.dataconverter.minecraft.datatypes.MCTypeRegistry] Initialising converters for DataConverter...
[00:34:10] [ServerMain/INFO]: [ca.spottedleaf.dataconverter.minecraft.datatypes.MCTypeRegistry] Finished initialising converters for DataConverter in 933.1ms
[00:34:10] [Server thread/INFO]: Starting minecraft server version 1.21.11
[00:34:10] [Server thread/INFO]: Loading properties
[00:34:10] [Server thread/INFO]: This server is running Paper version 1.21.11-99-main@81b9122 (2026-01-20T19:08:30Z) (Implementing API version 1.21.11-R0.1-SNAPSHOT)
[00:34:10] [Server thread/INFO]: [spark] This server bundles the spark profiler. For more information please visit https://docs.papermc.io/paper/profiling
[00:34:10] [Server thread/INFO]: Server Ping Player Sample Count: 12
[00:34:10] [Server thread/INFO]: Using 4 threads for Netty based IO
[00:34:12] [Server thread/INFO]: [MoonriseCommon] Paper is using 1 worker threads, 1 I/O threads
[00:34:12] [Server thread/INFO]: Default game type: SURVIVAL
[00:34:12] [Server thread/INFO]: Generating keypair
[00:34:12] [Server thread/INFO]: Starting Minecraft server on *:25565
[00:34:13] [Server thread/INFO]: Paper: Using libdeflate (Linux x86_64) compression from Velocity.
[00:34:13] [Server thread/INFO]: Paper: Using OpenSSL 3.x.x (Linux x86_64) cipher from Velocity.
[00:34:13] [Server thread/WARN]: **** SERVER IS RUNNING IN OFFLINE/INSECURE MODE!
[00:34:13] [Server thread/WARN]: The server will make no attempt to authenticate usernames. Beware.
[00:34:13] [Server thread/WARN]: While this makes the game possible to play without internet access, it also opens up the ability for hackers to connect with any username they choose.
[00:34:13] [Server thread/WARN]: To change this, set "online-mode" to "true" in the server.properties file.
[00:34:13] [Server thread/INFO]: Preparing level "world"
[00:34:13] [Server thread/INFO]: [ca.spottedleaf.moonrise.common.util.MoonriseConstants] NUMA enable flag is not set; however there is NUMA interaction support for this OS.
[00:34:13] [Server thread/INFO]: [ca.spottedleaf.moonrise.common.util.MoonriseConstants] Detected 1 NUMA nodes.
[00:34:14] [Server thread/INFO]: Selecting spawn point for world 'minecraft:overworld'...
[00:34:29] [Server thread/INFO]: Selecting spawn point for world 'minecraft:the_nether'...
[00:34:32] [Server thread/INFO]: Selecting spawn point for world 'minecraft:the_end'...
[00:34:33] [Server thread/INFO]: Loading 0 persistent chunks for world 'minecraft:overworld'...
[00:34:33] [Server thread/INFO]: Preparing spawn area: 100%
[00:34:33] [Server thread/INFO]: Prepared spawn area in 18978 ms
[00:34:33] [Server thread/INFO]: Loading 0 persistent chunks for world 'minecraft:the_nether'...
[00:34:33] [Server thread/INFO]: Preparing spawn area: 100%
[00:34:33] [Server thread/INFO]: Prepared spawn area in 3306 ms
[00:34:33] [Server thread/INFO]: Loading 0 persistent chunks for world 'minecraft:the_end'...
[00:34:33] [Server thread/INFO]: Preparing spawn area: 100%
[00:34:33] [Server thread/INFO]: Prepared spawn area in 535 ms
[00:34:33] [Server thread/INFO]: Done preparing level "world" (19.881s)
[00:34:33] [Server thread/INFO]: [spark] Starting background profiler...
[00:34:34] [Server thread/INFO]: Running delayed init tasks
[00:34:34] [Server thread/INFO]: Done (48.457s)! For help, type "help"
[00:34:34] [Server thread/INFO]: *************************************************************************************
[00:34:34] [Server thread/INFO]: This is the first time you're starting this server.
[00:34:34] [Server thread/INFO]: It's recommended you read our 'Getting Started' documentation for guidance.
[00:34:34] [Server thread/INFO]: View this and more helpful information here: https://docs.papermc.io/paper/next-steps
[00:34:34] [Server thread/INFO]: *************************************************************************************
[00:34:34] [Paper Async Task Handler Thread - 1/WARN]: *** You are running an outdated version of Minecraft, which is 2 release(s) and 33 build(s) behind!
[00:34:34] [Paper Async Task Handler Thread - 1/WARN]: *** Please update to the latest stable version on https://papermc.io/downloads/paper ***
